// Jest Snapshot v1, https://goo.gl/fbAQLP

exports[`should take a snapshot 1`] = `
<DocumentFragment>
  <div>
    <h1
      class="ranking-title"
    >
      Classifica canali UNICT
    </h1>
    <input
      class="search-input-field"
      placeholder="Search..."
    />
    <img
      alt="loading"
      class="loading"
      src="loading.gif"
    />
  </div>
</DocumentFragment>
`;
